// Jest Snapshot v1, https://goo.gl/fbAQLP

exports[`EmbeddedProcessList tests Snapshot 1`] = `
<ForwardRef
  driver={
    Object {
      "applyFilter": [MockFunction],
      "applySorting": [MockFunction],
      "getChildProcessesQuery": [MockFunction],
      "handleAbort": [MockFunction],
      "handleMultipleAction": [MockFunction],
      "handleRetry": [MockFunction],
      "handleSkip": [MockFunction],
      "initialLoad": [MockFunction],
      "openProcess": [MockFunction],
      "query": [MockFunction],
    }
  }
  envelopePath="path"
  targetOrigin="origin"
>
  <ForwardRef>
    <div />
  </ForwardRef>
</ForwardRef>
`;
